// Jest Snapshot v1, https://goo.gl/fbAQLP

exports[`renders Headline snapshot 1`] = `
<h1
  className="sc-bdVaJa hSyAgK"
>
  Test
</h1>
`;
